109.156.187.120 - - [30/Oct/2022:09:43:51 +0000] "GET /db/websql/index.php?lang=en HTTP/1.1" 502 568 "-" "Mozilla/5.0 (Windows NT 10.0; Win64; x64) AppleWebKit/537.36 (KHTML, like Gecko) Chrome/106.0.0.0 Safari/537.36"
109.156.187.120 - - [30/Oct/2022:09:43:51 +0000] "GET /sql/phpMyAdmin2/index.php?lang=en HTTP/1.1" 502 568 "-" "Mozilla/5.0 (Windows NT 10.0; Win64; x64) AppleWebKit/537.36 (KHTML, like Gecko) Chrome/106.0.0.0 Safari/537.36"
109.156.187.120 - - [30/Oct/2022:09:43:51 +0000] "GET /mysql/pMA/index.php?lang=en HTTP/1.1" 502 568 "-" "Mozilla/5.0 (Windows NT 10.0; Win64; x64) AppleWebKit/537.36 (KHTML, like Gecko) Chrome/106.0.0.0 Safari/537.36"
109.156.187.120 - - [30/Oct/2022:09:43:51 +0000] "GET /administrator/admin/index.php?lang=en HTTP/1.1" 502 568 "-" "Mozilla/5.0 (Windows NT 10.0; Win64; x64) AppleWebKit/537.36 (KHTML, like Gecko) Chrome/106.0.0.0 Safari/537.36"
109.156.187.120 - - [30/Oct/2022:09:43:51 +0000] "GET /phppma/index.php?lang=en HTTP/1.1" 502 568 "-" "Mozilla/5.0 (Windows NT 10.0; Win64; x64) AppleWebKit/537.36 (KHTML, like Gecko) Chrome/106.0.0.0 Safari/537.36"
109.156.187.120 - - [30/Oct/2022:09:43:51 +0000] "GET /admin/phpmyadmin/index.php?lang=en HTTP/1.1" 502 568 "-" "Mozilla/5.0 (Windows NT 10.0; Win64; x64) AppleWebKit/537.36 (KHTML, like Gecko) Chrome/106.0.0.0 Safari/537.36"
109.156.187.120 - - [30/Oct/2022:09:43:51 +0000] "GET /admin/web/index.php?lang=en HTTP/1.1" 502 568 "-" "Mozilla/5.0 (Windows NT 10.0; Win64; x64) AppleWebKit/537.36 (KHTML, like Gecko) Chrome/106.0.0.0 Safari/537.36"
109.156.187.120 - - [30/Oct/2022:09:43:52 +0000] "GET /phpmy-admin/index.php?lang=en HTTP/1.1" 502 568 "-" "Mozilla/5.0 (Windows NT 10.0; Win64; x64) AppleWebKit/537.36 (KHTML, like Gecko) Chrome/106.0.0.0 Safari/537.36"
109.156.187.120 - - [30/Oct/2022:09:43:52 +0000] "GET /phpmyadmin2015/index.php?lang=en HTTP/1.1" 502 568 "-" "Mozilla/5.0 (Windows NT 10.0; Win64; x64) AppleWebKit/537.36 (KHTML, like Gecko) Chrome/106.0.0.0 Safari/537.36"
109.156.187.120 - - [30/Oct/2022:09:43:52 +0000] "GET /PMA/index.php?lang=en HTTP/1.1" 502 568 "-" "Mozilla/5.0 (Windows NT 10.0; Win64; x64) AppleWebKit/537.36 (KHTML, like Gecko) Chrome/106.0.0.0 Safari/537.36"
109.156.187.120 - - [30/Oct/2022:09:43:52 +0000] "GET /phpMyAdmin5/index.php?lang=en HTTP/1.1" 502 568 "-" "Mozilla/5.0 (Windows NT 10.0; Win64; x64) AppleWebKit/537.36 (KHTML, like Gecko) Chrome/106.0.0.0 Safari/537.36"
109.156.187.120 - - [30/Oct/2022:09:43:52 +0000] "GET /admin/sqladmin/index.php?lang=en HTTP/1.1" 502 568 "-" "Mozilla/5.0 (Windows NT 10.0; Win64; x64) AppleWebKit/537.36 (KHTML, like Gecko) Chrome/106.0.0.0 Safari/537.36"
109.156.187.120 - - [30/Oct/2022:09:43:52 +0000] "GET /phpmy/index.php?lang=en HTTP/1.1" 502 568 "-" "Mozilla/5.0 (Windows NT 10.0; Win64; x64) AppleWebKit/537.36 (KHTML, like Gecko) Chrome/106.0.0.0 Safari/537.36"
109.156.187.120 - - [30/Oct/2022:09:43:52 +0000] "GET /administrator/phpmyadmin/index.php?lang=en HTTP/1.1" 502 568 "-" "Mozilla/5.0 (Windows NT 10.0; Win64; x64) AppleWebKit/537.36 (KHTML, like Gecko) Chrome/106.0.0.0 Safari/537.36"
109.156.187.120 - - [30/Oct/2022:09:43:52 +0000] "GET /administrator/phpMyAdmin/index.php?lang=en HTTP/1.1" 502 568 "-" "Mozilla/5.0 (Windows NT 10.0; Win64; x64) AppleWebKit/537.36 (KHTML, like Gecko) Chrome/106.0.0.0 Safari/537.36"
109.156.187.120 - - [30/Oct/2022:09:43:52 +0000] "GET /phpMyAdmin/index.php?lang=en HTTP/1.1" 502 568 "-" "Mozilla/5.0 (Windows NT 10.0; Win64; x64) AppleWebKit/537.36 (KHTML, like Gecko) Chrome/106.0.0.0 Safari/537.36"
109.156.187.120 - - [30/Oct/2022:09:43:53 +0000] "GET /sql/sqlweb/index.php?lang=en HTTP/1.1" 502 568 "-" "Mozilla/5.0 (Windows NT 10.0; Win64; x64) AppleWebKit/537.36 (KHTML, like Gecko) Chrome/106.0.0.0 Safari/537.36"
109.156.187.120 - - [30/Oct/2022:09:43:53 +0000] "GET /phpMyAdmin-5.1.1/index.php?lang=en HTTP/1.1" 502 568 "-" "Mozilla/5.0 (Windows NT 10.0; Win64; x64) AppleWebKit/537.36 (KHTML, like Gecko) Chrome/106.0.0.0 Safari/537.36"
109.156.187.120 - - [30/Oct/2022:09:43:53 +0000] "GET /index.php?lang=en HTTP/1.1" 502 568 "-" "Mozilla/5.0 (Windows NT 10.0; Win64; x64) AppleWebKit/537.36 (KHTML, like Gecko) Chrome/106.0.0.0 Safari/537.36"
109.156.187.120 - - [30/Oct/2022:09:43:53 +0000] "GET /db/dbadmin/index.php?lang=en HTTP/1.1" 502 568 "-" "Mozilla/5.0 (Windows NT 10.0; Win64; x64) AppleWebKit/537.36 (KHTML, like Gecko) Chrome/106.0.0.0 Safari/537.36"
109.156.187.120 - - [30/Oct/2022:09:43:53 +0000] "GET /phpmy/index.php?lang=en HTTP/1.1" 502 568 "-" "Mozilla/5.0 (Windows NT 10.0; Win64; x64) AppleWebKit/537.36 (KHTML, like Gecko) Chrome/106.0.0.0 Safari/537.36"
109.156.187.120 - - [30/Oct/2022:09:43:53 +0000] "GET /mysql/pMA/index.php?lang=en HTTP/1.1" 502 568 "-" "Mozilla/5.0 (Windows NT 10.0; Win64; x64) AppleWebKit/537.36 (KHTML, like Gecko) Chrome/106.0.0.0 Safari/537.36"
109.156.187.120 - - [30/Oct/2022:09:43:53 +0000] "GET /phpMyAdmin5.1/index.php?lang=en HTTP/1.1" 502 568 "-" "Mozilla/5.0 (Windows NT 10.0; Win64; x64) AppleWebKit/537.36 (KHTML, like Gecko) Chrome/106.0.0.0 Safari/537.36"
109.156.187.120 - - [30/Oct/2022:09:43:53 +0000] "GET /phpMyAdmin-4.9.10-all-languages/index.php?lang=en HTTP/1.1" 502 568 "-" "Mozilla/5.0 (Windows NT 10.0; Win64; x64) AppleWebKit/537.36 (KHTML, like Gecko) Chrome/106.0.0.0 Safari/537.36"
109.156.187.120 - - [30/Oct/2022:09:43:53 +0000] "GET /mysql/dbadmin/index.php?lang=en HTTP/1.1" 502 568 "-" "Mozilla/5.0 (Windows NT 10.0; Win64; x64) AppleWebKit/537.36 (KHTML, like Gecko) Chrome/106.0.0.0 Safari/537.36"
109.156.187.120 - - [30/Oct/2022:09:43:53 +0000] "GET /phpmyadmin2018/index.php?lang=en HTTP/1.1" 502 568 "-" "Mozilla/5.0 (Windows NT 10.0; Win64; x64) AppleWebKit/537.36 (KHTML, like Gecko) Chrome/106.0.0.0 Safari/537.36"
109.156.187.120 - - [30/Oct/2022:09:43:54 +0000] "GET /sql/phpmanager/index.php?lang=en HTTP/1.1" 502 568 "-" "Mozilla/5.0 (Windows NT 10.0; Win64; x64) AppleWebKit/537.36 (KHTML, like Gecko) Chrome/106.0.0.0 Safari/537.36"
109.156.187.120 - - [30/Oct/2022:09:43:54 +0000] "GET /phpMyAdmin-5.2.0-all-languages/index.php?lang=en HTTP/1.1" 502 568 "-" "Mozilla/5.0 (Windows NT 10.0; Win64; x64) AppleWebKit/537.36 (KHTML, like Gecko) Chrome/106.0.0.0 Safari/537.36"
109.156.187.120 - - [30/Oct/2022:09:43:54 +0000] "GET /phpmyadmin2/index.php?lang=en HTTP/1.1" 502 568 "-" "Mozilla/5.0 (Windows NT 10.0; Win64; x64) AppleWebKit/537.36 (KHTML, like Gecko) Chrome/106.0.0.0 Safari/537.36"
109.156.187.120 - - [30/Oct/2022:09:43:54 +0000] "GET /phpmyadmin/index.php?lang=en HTTP/1.1" 502 568 "-" "Mozilla/5.0 (Windows NT 10.0; Win64; x64) AppleWebKit/537.36 (KHTML, like Gecko) Chrome/106.0.0.0 Safari/537.36"
167.71.236.173 - - [30/Oct/2022:10:15:40 +0000] "\xF3\x16t\xDEz\xD9\xD97x\x8E\x1D/i\xF1\x8B\x98" 400 166 "-" "-"
167.71.236.173 - - [30/Oct/2022:10:15:41 +0000] "\x16\x03\x01\x00{\x01\x00\x00w\x03\x03\xFD\x9C\xCFO88\x10\x1AZcR9\xAB\xD6$\xE5r\xF5I2cz\x9Di\xDA\xD7z\x1B\xCB$$\x04\x00\x00\x1A\xC0/\xC0+\xC0\x11\xC0\x07\xC0\x13\xC0\x09\xC0\x14\xC0" 400 166 "-" "-"
167.71.236.173 - - [30/Oct/2022:10:15:41 +0000] "\x16\x03\x01\x00{\x01\x00\x00w\x03\x03L\x18k\xB15\xF8b\x15\xD2\xAC\x99\x1AG\xFAk\x06\xE5B\x9AZ\xBF\x98+\x80\xE4\x804I\x86V\x1E.\x00\x00\x1A\xC0/\xC0+\xC0\x11\xC0\x07\xC0\x13\xC0\x09\xC0\x14\xC0" 400 166 "-" "-"
167.71.236.173 - - [30/Oct/2022:10:15:41 +0000] "\x16\x03\x01\x00{\x01\x00\x00w\x03\x03\xAE\x10\xE4\xF0<l\xC2~\x1E\x023\xEC\xDE\xB0\xDBO\x99Pt\xB9P\x1D\x8Dn\xFB1\xBA\xD4\xC1\xC9!\x07\x00\x00\x1A\xC0/\xC0+\xC0\x11\xC0\x07\xC0\x13\xC0\x09\xC0\x14\xC0" 400 166 "-" "-"
192.155.90.220 - - [30/Oct/2022:11:00:18 +0000] "\x16\x03\x01\x00\x85\x01\x00\x00\x81\x03\x03\xC0Eb\x17\xCD\xE4L\xE7\xB2S\xAAz\x18CyOz\x11\xED\xA9\xF0\x9Cu\xED\xDF\xCE+\x92\xEF\xB8\xDD\x82\x00\x00 \xC0/\xC00\xC0+\xC0,\xCC\xA8\xCC\xA9\xC0\x13\xC0\x09\xC0\x14\xC0" 400 166 "-" "-"
95.214.235.205 - - [30/Oct/2022:11:36:35 +0000] "GET /.env HTTP/1.1" 502 568 "-" "Mozilla/5.0 (X11; Linux x86_64) AppleWebKit/537.36 (KHTML, like Gecko) Chrome/81.0.4044.129 Safari/537.36"
95.214.235.205 - - [30/Oct/2022:11:36:35 +0000] "POST / HTTP/1.1" 502 568 "-" "Mozilla/5.0 (X11; Linux x86_64) AppleWebKit/537.36 (KHTML, like Gecko) Chrome/81.0.4044.129 Safari/537.36"
138.197.183.251 - - [30/Oct/2022:12:04:10 +0000] "GET / HTTP/1.1" 502 166 "-" "Mozilla/5.0 (Windows NT 10.0; Win64; x64; rv:79.0) Gecko/20100101 Firefox/79.0"
34.173.100.248 - - [30/Oct/2022:12:49:51 +0000] "CONNECT 62.98.38.195:3938 HTTP/1.1" 400 166 "-" "-"
34.173.100.248 - - [30/Oct/2022:13:01:39 +0000] "CONNECT 62.98.38.195:3938 HTTP/1.1" 400 166 "-" "-"
185.254.196.115 - - [30/Oct/2022:13:39:24 +0000] "GET /.env HTTP/1.1" 502 568 "-" "Mozilla/5.0 (X11; Linux x86_64) AppleWebKit/537.36 (KHTML, like Gecko) Chrome/81.0.4044.129 Safari/537.36"
185.254.196.115 - - [30/Oct/2022:13:39:24 +0000] "POST / HTTP/1.1" 502 568 "-" "Mozilla/5.0 (X11; Linux x86_64) AppleWebKit/537.36 (KHTML, like Gecko) Chrome/81.0.4044.129 Safari/537.36"
90.177.244.100 - - [30/Oct/2022:13:43:29 +0000] "GET / HTTP/1.1" 502 568 "-" "Mozilla/5.0 (Windows NT 6.1; WOW64) AppleWebKit/537.36 (KHTML, like Gecko) Chrome/52.0.2743.116 Safari/537.36"
34.173.100.248 - - [30/Oct/2022:14:24:21 +0000] "CONNECT 62.98.38.195:3938 HTTP/1.1" 400 166 "-" "-"
34.173.100.248 - - [30/Oct/2022:14:25:41 +0000] "CONNECT 62.98.38.195:3938 HTTP/1.1" 400 166 "-" "-"
34.173.100.248 - - [30/Oct/2022:14:26:02 +0000] "CONNECT 62.98.38.195:3938 HTTP/1.1" 400 166 "-" "-"
34.173.100.248 - - [30/Oct/2022:14:32:11 +0000] "CONNECT 62.98.38.195:3938 HTTP/1.1" 400 166 "-" "-"
154.209.125.119 - - [30/Oct/2022:14:40:14 +0000] "GET / HTTP/1.1" 502 166 "-" "Mozilla/5.0 (Macintosh; Intel Mac OS X 10.11; rv:47.0) Gecko/20100101 Firefox/47.0"
95.214.235.205 - - [30/Oct/2022:14:47:15 +0000] "GET /.env HTTP/1.1" 502 568 "-" "Mozilla/5.0 (X11; Linux x86_64) AppleWebKit/537.36 (KHTML, like Gecko) Chrome/81.0.4044.129 Safari/537.36"
95.214.235.205 - - [30/Oct/2022:14:47:16 +0000] "POST / HTTP/1.1" 502 568 "-" "Mozilla/5.0 (X11; Linux x86_64) AppleWebKit/537.36 (KHTML, like Gecko) Chrome/81.0.4044.129 Safari/537.36"
45.79.181.179 - - [30/Oct/2022:14:55:15 +0000] "\x16\x03\x01\x00\x85\x01\x00\x00\x81\x03\x038\xC4<\x19\xA8\xAA\x8F\x00F}1'\x1DhL\xC5\x88\x8A\xDD\x04\xD1\x17\xE5S\x85?\x87\xDA\xBF\xA1\xC2[\x00\x00 \xC0/\xC00\xC0+\xC0,\xCC\xA8\xCC\xA9\xC0\x13\xC0\x09\xC0\x14\xC0" 400 166 "-" "-"
138.197.96.61 - - [30/Oct/2022:15:37:30 +0000] "GET / HTTP/1.0" 502 166 "-" "-"
181.214.218.69 - - [30/Oct/2022:15:41:33 +0000] "POST /32262105 HTTP/1.1" 502 166 "-" "Mozilla/5.0 (Macintosh; Intel Mac OS X 10_7_3) AppleWebKit/534.55.3 (KHTML, like Gecko) Version/5.1.3 Safari/534.53.10"
34.173.100.248 - - [30/Oct/2022:15:46:46 +0000] "CONNECT 62.98.38.195:3938 HTTP/1.1" 400 166 "-" "-"
185.254.196.115 - - [30/Oct/2022:16:46:18 +0000] "GET /.env HTTP/1.1" 502 568 "-" "Mozilla/5.0 (X11; Linux x86_64) AppleWebKit/537.36 (KHTML, like Gecko) Chrome/81.0.4044.129 Safari/537.36"
185.254.196.115 - - [30/Oct/2022:16:46:19 +0000] "POST / HTTP/1.1" 502 568 "-" "Mozilla/5.0 (X11; Linux x86_64) AppleWebKit/537.36 (KHTML, like Gecko) Chrome/81.0.4044.129 Safari/537.36"
185.134.23.83 - - [30/Oct/2022:16:54:44 +0000] "GET / HTTP/1.1" 502 166 "-" "Mozilla/5.0 (Linux; U; Android 4.4.2; en-US; HM NOTE 1W Build/KOT49H) AppleWebKit/534.30 (KHTML, like Gecko) Version/4.0 UCBrowser/11.0.5.850 U3/0.8.0 Mobile Safari/534.30"
172.105.128.13 - - [30/Oct/2022:17:01:55 +0000] "\x16\x03\x01\x00\x85\x01\x00\x00\x81\x03\x03\xB1X=\xA5\x1Bm\xDB\xAF~\xB7\x1EMM$\xC1|\x8C\xFEW\xB5\xB1]H\x0B\xFE\x14P;\xBB\x9C\xF0\x92\x00\x00 \xC0/\xC00\xC0+\xC0,\xCC\xA8\xCC\xA9\xC0\x13\xC0\x09\xC0\x14\xC0" 400 166 "-" "-"
117.214.217.251 - - [30/Oct/2022:17:11:05 +0000] "GET / HTTP/1.1" 502 568 "-" "Mozilla/5.0 (Windows NT 10.0; WOW64) AppleWebKit/537.36 (KHTML, like Gecko) Chrome/52.0.2743.116 Safari/537.36"
194.55.186.199 - - [30/Oct/2022:17:30:29 +0000] "POST /boaform/admin/formLogin HTTP/1.1" 502 166 "http://18.190.20.100:80/admin/login.asp" "Mozilla/5.0 (X11; Ubuntu; Linux x86_64; rv:71.0) Gecko/20100101 Firefox/71.0"
194.55.186.199 - - [30/Oct/2022:17:30:29 +0000] "" 400 0 "-" "-"
172.104.242.173 - - [30/Oct/2022:17:35:28 +0000] "GET /0bef HTTP/1.0" 502 166 "-" "-"
193.37.69.208 - - [30/Oct/2022:17:35:45 +0000] "\x03\x00\x00/*\xE0\x00\x00\x00\x00\x00Cookie: mstshash=Administr" 400 166 "-" "-"
89.248.165.169 - - [30/Oct/2022:17:58:35 +0000] "GET /bbs/cbmain.php HTTP/1.1" 502 568 "-" "Mozilla/5.0 (Macintosh; Intel Mac OS X 10_12_2) AppleWebKit/537.36 (KHTML, like Gecko) Chrome/55.0.2883.95 Safari/537.36"
185.254.196.115 - - [30/Oct/2022:18:01:33 +0000] "GET /.env HTTP/1.1" 502 568 "-" "Mozilla/5.0 (X11; Linux x86_64) AppleWebKit/537.36 (KHTML, like Gecko) Chrome/81.0.4044.129 Safari/537.36"
185.254.196.115 - - [30/Oct/2022:18:01:35 +0000] "POST / HTTP/1.1" 502 568 "-" "Mozilla/5.0 (X11; Linux x86_64) AppleWebKit/537.36 (KHTML, like Gecko) Chrome/81.0.4044.129 Safari/537.36"
35.195.93.98 - - [30/Oct/2022:18:13:29 +0000] "GET / HTTP/1.1" 502 166 "-" "python-requests/2.28.1"
103.80.155.63 - - [30/Oct/2022:18:31:06 +0000] "GET / HTTP/1.1" 502 568 "-" "Mozilla/5.0 (Windows NT 6.1; WOW64) AppleWebKit/537.36 (KHTML, like Gecko) Chrome/52.0.2743.116 Safari/537.36"
117.215.251.44 - - [30/Oct/2022:19:18:51 +0000] "GET / HTTP/1.1" 502 166 "-" "Mozilla/5.0 (Macintosh; Intel Mac OS X 10_11_6) AppleWebKit/601.7.7 (KHTML, like Gecko) Version/9.1.2 Safari/601.7.7"
117.215.251.44 - - [30/Oct/2022:19:18:51 +0000] "GET / HTTP/1.1" 502 568 "-" "Mozilla/5.0 (Windows NT 6.1; WOW64) AppleWebKit/537.36 (KHTML, like Gecko) Chrome/52.0.2743.116 Safari/537.36"
117.215.251.44 - - [30/Oct/2022:19:18:51 +0000] "GET / HTTP/1.1" 502 568 "-" "Mozilla/5.0 (Windows NT 10.0; WOW64) AppleWebKit/537.36 (KHTML, like Gecko) Chrome/52.0.2743.116 Safari/537.36"
117.215.251.44 - - [30/Oct/2022:19:18:51 +0000] "GET / HTTP/1.1" 502 568 "-" "Mozilla/5.0 (Windows NT 6.1; WOW64) AppleWebKit/537.36 (KHTML, like Gecko) Chrome/52.0.2743.116 Safari/537.36"
117.215.251.44 - - [30/Oct/2022:19:18:51 +0000] "GET / HTTP/1.1" 502 568 "-" "Mozilla/5.0 (Windows NT 6.1; WOW64) AppleWebKit/537.36 (KHTML, like Gecko) Chrome/52.0.2743.116 Safari/537.36"
81.207.70.129 - - [30/Oct/2022:19:40:42 +0000] "GET / HTTP/1.1" 502 568 "-" "Mozilla/5.0 (Windows NT 10.0; WOW64) AppleWebKit/537.36 (KHTML, like Gecko) Chrome/51.0.2704.103 Safari/537.36"
95.214.235.205 - - [30/Oct/2022:19:47:52 +0000] "GET /.env HTTP/1.1" 502 568 "-" "Mozilla/5.0 (X11; Linux x86_64) AppleWebKit/537.36 (KHTML, like Gecko) Chrome/81.0.4044.129 Safari/537.36"
95.214.235.205 - - [30/Oct/2022:19:47:56 +0000] "POST / HTTP/1.1" 502 568 "-" "Mozilla/5.0 (X11; Linux x86_64) AppleWebKit/537.36 (KHTML, like Gecko) Chrome/81.0.4044.129 Safari/537.36"
85.31.44.161 - - [30/Oct/2022:20:46:03 +0000] "GET /.git/config HTTP/1.1" 502 568 "-" "Mozilla/5.0 (X11; Linux x86_64) AppleWebKit/537.36 (KHTML, like Gecko) Chrome/68.0.3440.106 Safari/537.36"
192.155.90.118 - - [30/Oct/2022:20:56:26 +0000] "\x16\x03\x01\x00\x85\x01\x00\x00\x81\x03\x03\xC5Y\xCE\xF4\xDD!\x15\x08\xC8\xE4|\x82RiJ4\x02,\xE3\x95p\xBB\xB5\xFC\xAD\xFDP\x1D$\xF8\x02\xB0\x00\x00 \xC0/\xC00\xC0+\xC0,\xCC\xA8\xCC\xA9\xC0\x13\xC0\x09\xC0\x14\xC0" 400 166 "-" "-"
95.214.235.205 - - [30/Oct/2022:20:59:15 +0000] "GET /.env HTTP/1.1" 502 568 "-" "Mozilla/5.0 (X11; Linux x86_64) AppleWebKit/537.36 (KHTML, like Gecko) Chrome/81.0.4044.129 Safari/537.36"
95.214.235.205 - - [30/Oct/2022:20:59:15 +0000] "POST / HTTP/1.1" 502 568 "-" "Mozilla/5.0 (X11; Linux x86_64) AppleWebKit/537.36 (KHTML, like Gecko) Chrome/81.0.4044.129 Safari/537.36"
207.154.254.203 - - [30/Oct/2022:21:11:19 +0000] "GET /.env HTTP/1.1" 502 568 "-" "Mozilla/5.0 (X11; Linux x86_64) AppleWebKit/537.36 (KHTML, like Gecko) Chrome/81.0.4044.129 Safari/537.36"
207.154.254.203 - - [30/Oct/2022:21:11:20 +0000] "POST / HTTP/1.1" 502 568 "-" "Mozilla/5.0 (X11; Linux x86_64) AppleWebKit/537.36 (KHTML, like Gecko) Chrome/81.0.4044.129 Safari/537.36"
202.145.6.50 - - [30/Oct/2022:21:31:50 +0000] "GET / HTTP/1.1" 502 568 "-" "Mozilla/5.0 (Windows NT 6.1; WOW64) AppleWebKit/537.36 (KHTML, like Gecko) Chrome/51.0.2704.103 Safari/537.36"
89.248.165.124 - - [30/Oct/2022:21:43:09 +0000] "\x03\x00\x00\x13\x0E\xE0\x00\x00\x00\x00\x00\x01\x00\x08\x00\x02\x00\x00\x00" 400 166 "-" "-"
185.220.100.249 - - [30/Oct/2022:21:48:06 +0000] "GET http://169.254.169.254/latest/meta-data/ HTTP/1.1" 502 568 "-" "Mozilla/5.0 (Windows NT 10.0; Win64; x64) AppleWebKit/537.36 (KHTML, like Gecko) Chrome/95.0.4638.69 Safari/537.36"
205.210.31.141 - - [30/Oct/2022:21:50:35 +0000] "GET / HTTP/1.1" 502 166 "-" "Expanse, a Palo Alto Networks company, searches across the global IPv4 space multiple times per day to identify customers&#39; presences on the Internet. If you would like to be excluded from our scans, please send IP addresses/domains to: scaninfo@paloaltonetworks.com"
94.102.61.10 - - [30/Oct/2022:21:59:03 +0000] "GET / HTTP/1.1" 502 568 "-" "Mozilla/5.0 (Windows NT 10.0; Win64; x64) AppleWebKit/537.36 (KHTML, like Gecko) Chrome/88.0.4324.190 Safari/537.36"
139.255.105.219 - - [30/Oct/2022:21:59:32 +0000] "GET / HTTP/1.1" 502 568 "-" "Mozilla/5.0 (Windows NT 6.1; WOW64) AppleWebKit/537.36 (KHTML, like Gecko) Chrome/51.0.2704.103 Safari/537.36"
172.105.128.11 - - [30/Oct/2022:22:54:51 +0000] "\x16\x03\x01\x00\x85\x01\x00\x00\x81\x03\x03V:\xD7\x1C\x8D\x87R,\xD8\x80\xE6#{\x85\x8C)\x7F\x89\x87^\x13\x1Ci\x81\xB8\xEB\x97\x09@U}" 400 166 "-" "-"
34.91.163.198 - - [30/Oct/2022:23:04:26 +0000] "CONNECT 62.98.38.195:3938 HTTP/1.1" 400 166 "-" "-"
167.248.133.117 - - [30/Oct/2022:23:34:04 +0000] "GET / HTTP/1.1" 502 166 "-" "Mozilla/5.0 (compatible; CensysInspect/1.1; +https://about.censys.io/)"
167.248.133.117 - - [30/Oct/2022:23:34:14 +0000] "PRI * HTTP/2.0" 400 166 "-" "-"
34.91.163.198 - - [30/Oct/2022:23:35:03 +0000] "CONNECT 62.98.38.195:3938 HTTP/1.1" 400 166 "-" "-"
34.91.163.198 - - [30/Oct/2022:23:37:44 +0000] "CONNECT 62.98.38.195:3938 HTTP/1.1" 400 166 "-" "-"
95.214.235.205 - - [31/Oct/2022:00:07:39 +0000] "GET /.env HTTP/1.1" 502 568 "-" "Mozilla/5.0 (X11; Linux x86_64) AppleWebKit/537.36 (KHTML, like Gecko) Chrome/81.0.4044.129 Safari/537.36"
95.214.235.205 - - [31/Oct/2022:00:07:41 +0000] "POST / HTTP/1.1" 502 568 "-" "Mozilla/5.0 (X11; Linux x86_64) AppleWebKit/537.36 (KHTML, like Gecko) Chrome/81.0.4044.129 Safari/537.36"
192.241.220.97 - - [31/Oct/2022:00:19:09 +0000] "GET / HTTP/1.1" 502 166 "-" "Mozilla/5.0 zgrab/0.x"
94.179.220.248 - - [31/Oct/2022:00:21:15 +0000] "GET / HTTP/1.1" 502 166 "-" "Mozilla/5.0 (Macintosh; Intel Mac OS X 10_11_6) AppleWebKit/601.7.7 (KHTML, like Gecko) Version/9.1.2 Safari/601.7.7"
34.91.163.198 - - [31/Oct/2022:00:22:15 +0000] "CONNECT 62.98.38.195:3938 HTTP/1.1" 400 166 "-" "-"
159.223.17.208 - - [31/Oct/2022:00:35:50 +0000] "GET /.env HTTP/1.1" 502 568 "-" "Mozilla/5.0 (X11; Linux x86_64) AppleWebKit/537.36 (KHTML, like Gecko) Chrome/81.0.4044.129 Safari/537.36"
159.223.17.208 - - [31/Oct/2022:00:35:50 +0000] "POST / HTTP/1.1" 502 568 "-" "Mozilla/5.0 (X11; Linux x86_64) AppleWebKit/537.36 (KHTML, like Gecko) Chrome/81.0.4044.129 Safari/537.36"
121.46.25.189 - - [31/Oct/2022:01:17:18 +0000] "\x16\x03\x01\x00\xE2\x01\x00\x00\xDE\x03\x03,\x22\xCD\xF3]%0\xDA\x15\xDC7\xAAEZZ$PU\xF3\xE2x \x0F\xEEQ\xD9\x02\x9Bu\xF8%c\x00\x00r\xC00\xC0,\xC0(\xC0$\xC0\x14\xC0" 400 166 "-" "-"
121.46.25.189 - - [31/Oct/2022:01:17:20 +0000] "\x16\x03\x01\x00\xE2\x01\x00\x00\xDE\x03\x03\xFE}\x05\x9D\xC67~\x02\xE4O\xE2W^UJ\xEC\x00SQ\xC8O-d\xB2\xA4\xDD\xD6\xF8\x90C\xCE\xF6\x00\x00r\xC00\xC0,\xC0(\xC0$\xC0\x14\xC0" 400 166 "-" "-"
121.46.25.189 - - [31/Oct/2022:01:17:22 +0000] "\x16\x03\x01\x00\xE2\x01\x00\x00\xDE\x03\x03x\xEA8\xD4\x147\x92SP9\x9D/\xEBC\x01\xBE\x7F\x1A" 400 166 "-" "-"
121.46.25.189 - - [31/Oct/2022:01:17:24 +0000] "\x16\x03\x01\x00\xE2\x01\x00\x00\xDE\x03\x03,\xC7\xCB\x1B\x8A\xA2\x81{yi\x15t\xD9\xA1\xE0\xB9/\xF0\xB6V-\xDC\xBB\xE4\xDE\x86|\xE9l\xE7\xC3\xA9\x00\x00r\xC00\xC0,\xC0(\xC0$\xC0\x14\xC0" 400 166 "-" "-"
121.46.25.189 - - [31/Oct/2022:01:17:26 +0000] "\x16\x03\x01\x00\xE2\x01\x00\x00\xDE\x03\x03\xD6\x93\xC9G{\x1A\xFD\xA2\xA7\xBBi,\xACy^\x80EV\xA3\x10\xB4\xE8v\xD1\x12\xD1g\xA2\x07\xE3\x03b\x00\x00r\xC00\xC0,\xC0(\xC0$\xC0\x14\xC0" 400 166 "-" "-"
121.46.25.189 - - [31/Oct/2022:01:17:27 +0000] "GET /cgi-bin/login.cgi?requestname=2&cmd=0 HTTP/1.1" 502 166 "-" "\x22Mozilla/5.0 (Windows NT 6.1; rv"
121.46.25.189 - - [31/Oct/2022:01:17:33 +0000] "GET /cgi-bin/login.cgi?requestname=3&cmd=0 HTTP/1.1" 502 166 "-" "\x22Mozilla/5.0 (Macintosh; Intel Mac OS X 10.6; rv"
121.46.25.189 - - [31/Oct/2022:01:17:38 +0000] "GET /por/login_psw.csp HTTP/1.1" 502 166 "-" "\x22Mozilla/5.0 (Windows NT 6.1; rv"
121.46.25.189 - - [31/Oct/2022:01:17:42 +0000] "GET /ui/login.php HTTP/1.1" 502 166 "-" "\x22Mozilla/5.0 (Macintosh; Intel Mac OS X 10_7_0) AppleWebKit/535.11 (KHTML"
121.46.25.189 - - [31/Oct/2022:01:17:46 +0000] "GET / HTTP/1.1" 502 166 "-" "like Gecko) Version/5.1 Safari/534.50\x22"
18.144.81.3 - - [31/Oct/2022:02:00:15 +0000] "GET / HTTP/1.1" 502 568 "-" "Mozilla/5.0 (Macintosh; Intel Mac OS X 10_11_5) AppleWebKit/537.36 (KHTML, like Gecko) Chrome/50.0.2661.102 Safari/537.36"
174.138.61.44 - - [31/Oct/2022:02:22:40 +0000] "GET / HTTP/1.1" 502 568 "-" "Mozilla/5.0 (Windows NT 10.0; Win64; x64) AppleWebKit/537.36 (KHTML, like Gecko) Chrome/102.0.5005.63 Safari/537.36"
174.138.61.44 - - [31/Oct/2022:02:22:43 +0000] "238\x00ll|'|'|SGFjS2VkX0Q3NUU2QUFB|'|'|WIN-QZN7FJ7D1O|'|'|Administrator|'|'|18-11-28|'|'||'|'|Win 7 Ultimate SP1 x64|'|'|No|'|'|S17|'|'|..|'|'|SW5ib3ggLSBPdXRsb29rIERhdGEgRmlsZSAtIE1pY3Jvc29mdCBPdXRsb29rAA==|'|'|" 400 166 "-" "-"
205.210.31.8 - - [31/Oct/2022:02:53:06 +0000] "\x16\x03\x01\x00\xCA\x01\x00\x00\xC6\x03\x03\xAEV\xE1Cy\xC0\x8D\xD2\xA6\x9C1\xBD*^\xAEIxt2`d\x92&\x9E\xBC\x5C\xEB\x98\xA6\x08\x8D!\x00\x00h\xCC\x14\xCC\x13\xC0/\xC0+\xC00\xC0,\xC0\x11\xC0\x07\xC0'\xC0#\xC0\x13\xC0\x09\xC0(\xC0$\xC0\x14\xC0" 400 166 "-" "-"
45.79.181.251 - - [31/Oct/2022:02:55:20 +0000] "\x16\x03\x01\x00\x85\x01\x00\x00\x81\x03\x03\x9E\x1F\x82\xFD\xD7\xA49h\xB22b\xBBv\xC2,\xE7\x80\xE8GV\xBA\x14s\xADz\x09\xE6\xC2\x81Q\x99" 400 166 "-" "-"
109.237.98.226 - - [31/Oct/2022:03:06:03 +0000] "GET /.env HTTP/1.1" 502 568 "-" "Mozilla/5.0 (X11; Linux x86_64) AppleWebKit/537.36 (KHTML, like Gecko) Chrome/81.0.4044.129 Safari/537.36"
109.237.98.226 - - [31/Oct/2022:03:06:04 +0000] "\x16\x03\x01\x01H\x01\x00\x01D\x03\x03:\xE5b\x1B\x00\xA6\x91\xD6\x85<\xAE\xBAI\x83T]\x98]H\xA0\xE4bgX\xEC\xC9\xB9*\xBA?\x8D) \x8D\xF6\xB2\xAFu\x8A\xD1\x97\x02\x0E~\xB9\x88\x97@\xC2\x0C )\x1F\xCC\x5CO\xABQx\xE5r\xB5=\xD8a\x00b\x13\x02\x13\x03\x13\x01\xC0,\xC00\xC0+\xC0/\xCC\xA9\xCC\xA8\x00\xA3\x00\x9F\x00\xA2\x00\x9E\xCC\xAA\xC0\xAF\xC0\xAD\xC0$\xC0(\xC0" 400 166 "-" "-"
183.6.161.170 - - [31/Oct/2022:03:28:21 +0000] "GET http://18.190.20.100:80/phpMyAdmin2/scripts/setup.php HTTP/1.0" 502 166 "-" "-"
183.6.161.170 - - [31/Oct/2022:03:28:21 +0000] "GET http://18.190.20.100:80/myadmin/scripts/setup.php HTTP/1.0" 502 166 "-" "-"
128.14.209.162 - - [31/Oct/2022:03:45:54 +0000] "GET / HTTP/1.1" 502 568 "-" "Mozilla/5.0 (Windows NT 10.0; Win64; x64) AppleWebKit/537.36 (KHTML, like Gecko) Chrome/60.0.3112.113 Safari/537.36"
205.210.31.138 - - [31/Oct/2022:03:59:06 +0000] "GET / HTTP/1.0" 502 166 "-" "Expanse, a Palo Alto Networks company, searches across the global IPv4 space multiple times per day to identify customers&#39; presences on the Internet. If you would like to be excluded from our scans, please send IP addresses/domains to: scaninfo@paloaltonetworks.com"
42.83.147.34 - - [31/Oct/2022:04:01:53 +0000] "GET / HTTP/1.1" 502 568 "-" "Mozilla/5.0 (Windows NT 6.1; Win64; x64) AppleWebKit/537.36 (KHTML, like Gecko)Chrome/74.0.3729.169 Safari/537.36"
192.241.218.20 - - [31/Oct/2022:04:17:42 +0000] "MGLNDD_18.190.20.100_80" 400 166 "-" "-"
161.35.230.3 - - [31/Oct/2022:04:34:14 +0000] "\x00\x0E8N \xBFC&\x03\x18\xAB\x00\x00\x00\x00\x00" 400 166 "-" "-"
192.155.90.220 - - [31/Oct/2022:05:04:14 +0000] "\x16\x03\x01\x00\x85\x01\x00\x00\x81\x03\x03Jg\x98\xE2\xB6\x8E\x8FjS\x0B\x0F@\x1A\xAE\xFD\xC3H$-\x99\x8F>\xE4g\x9E\xD8\xA9\x87j{\x95\x84\x00\x00 \xC0/\xC00\xC0+\xC0,\xCC\xA8\xCC\xA9\xC0\x13\xC0\x09\xC0\x14\xC0" 400 166 "-" "-"
124.89.86.244 - - [31/Oct/2022:06:09:20 +0000] "GET / HTTP/1.1" 400 166 "-" "-"
95.214.235.205 - - [31/Oct/2022:06:14:31 +0000] "GET /.env HTTP/1.1" 502 568 "-" "Mozilla/5.0 (X11; Linux x86_64) AppleWebKit/537.36 (KHTML, like Gecko) Chrome/81.0.4044.129 Safari/537.36"
95.214.235.205 - - [31/Oct/2022:06:14:32 +0000] "POST / HTTP/1.1" 502 568 "-" "Mozilla/5.0 (X11; Linux x86_64) AppleWebKit/537.36 (KHTML, like Gecko) Chrome/81.0.4044.129 Safari/537.36"
135.125.217.54 - - [31/Oct/2022:06:59:25 +0000] "POST / HTTP/1.1" 502 568 "-" "Mozilla/5.0 (X11; Linux x86_64) AppleWebKit/537.36 (KHTML, like Gecko) Chrome/81.0.4044.129 Safari/537.36"
135.125.217.54 - - [31/Oct/2022:06:59:25 +0000] "GET /.env HTTP/1.1" 502 568 "-" "Mozilla/5.0 (X11; Linux x86_64) AppleWebKit/537.36 (KHTML, like Gecko) Chrome/81.0.4044.129 Safari/537.36"
185.254.196.115 - - [31/Oct/2022:07:27:56 +0000] "GET /.env HTTP/1.1" 502 568 "-" "Mozilla/5.0 (X11; Linux x86_64) AppleWebKit/537.36 (KHTML, like Gecko) Chrome/81.0.4044.129 Safari/537.36"
185.254.196.115 - - [31/Oct/2022:07:27:56 +0000] "POST / HTTP/1.1" 502 568 "-" "Mozilla/5.0 (X11; Linux x86_64) AppleWebKit/537.36 (KHTML, like Gecko) Chrome/81.0.4044.129 Safari/537.36"
135.125.217.54 - - [31/Oct/2022:07:56:19 +0000] "POST / HTTP/1.1" 502 568 "-" "Mozilla/5.0 (X11; Linux x86_64) AppleWebKit/537.36 (KHTML, like Gecko) Chrome/81.0.4044.129 Safari/537.36"
135.125.217.54 - - [31/Oct/2022:07:56:19 +0000] "GET /.env HTTP/1.1" 502 568 "-" "Mozilla/5.0 (X11; Linux x86_64) AppleWebKit/537.36 (KHTML, like Gecko) Chrome/81.0.4044.129 Safari/537.36"
138.68.130.105 - - [31/Oct/2022:08:14:29 +0000] "\x9C\xCE9L\x1BWOP\x12\x03C%zi\x8E\xCD" 400 166 "-" "-"
138.68.130.105 - - [31/Oct/2022:08:14:30 +0000] "\x16\x03\x01\x00{\x01\x00\x00w\x03\x03\x04\x14\xECs\x8C4\x1EH\x9F\x8A\xD8\x89\x99z\xA2\x13\x03r\x07\xFEg\xC5\xAC\x11\x04##\x84r\x22\xCD6\x00\x00\x1A\xC0/\xC0+\xC0\x11\xC0\x07\xC0\x13\xC0\x09\xC0\x14\xC0" 400 166 "-" "-"
138.68.130.105 - - [31/Oct/2022:08:14:30 +0000] "\x16\x03\x01\x00{\x01\x00\x00w\x03\x03W:\xCA\xB1`2y_\x1B\xAC\x8E\xBE\xFF\x16\xCDg\xC3X\x5C\x8B\xCF\xE6\x8F%X\x0E]\x22\xEE\x1B\x9D'\x00\x00\x1A\xC0/\xC0+\xC0\x11\xC0\x07\xC0\x13\xC0\x09\xC0\x14\xC0" 400 166 "-" "-"
138.68.130.105 - - [31/Oct/2022:08:14:30 +0000] "\x16\x03\x01\x00{\x01\x00\x00w\x03\x03\xC7ekt\xD5\x97\x94\xF4\x03\x80]\x98\xDDB\xA9v\x01\x90P;ZV\xA1\xA8J\x13h>\x99\xF8\x90\x13\x00\x00\x1A\xC0/\xC0+\xC0\x11\xC0\x07\xC0\x13\xC0\x09\xC0\x14\xC0" 400 166 "-" "-"
89.248.165.11 - - [31/Oct/2022:08:52:56 +0000] "\x03\x00\x00\x13\x0E\xE0\x00\x00\x00\x00\x00\x01\x00\x08\x00\x02\x00\x00\x00" 400 166 "-" "-"
172.105.128.13 - - [31/Oct/2022:08:52:58 +0000] "\x16\x03\x01\x00\x85\x01\x00\x00\x81\x03\x03\x04f\x0Ex\xB0\x80n\xD3\x005v!\xD5-\xEF\xCDE\x85{\xC0\x98v5\xFD?C\x1C\xABU\xD3\xB9-\x00\x00 \xC0/\xC00\xC0+\xC0,\xCC\xA8\xCC\xA9\xC0\x13\xC0\x09\xC0\x14\xC0" 400 166 "-" "-"
95.214.235.205 - - [31/Oct/2022:08:54:59 +0000] "GET /.env HTTP/1.1" 502 568 "-" "Mozilla/5.0 (X11; Linux x86_64) AppleWebKit/537.36 (KHTML, like Gecko) Chrome/81.0.4044.129 Safari/537.36"
95.214.235.205 - - [31/Oct/2022:08:55:00 +0000] "POST / HTTP/1.1" 502 568 "-" "Mozilla/5.0 (X11; Linux x86_64) AppleWebKit/537.36 (KHTML, like Gecko) Chrome/81.0.4044.129 Safari/537.36"
117.215.249.246 - - [31/Oct/2022:09:15:09 +0000] "GET / HTTP/1.1" 502 568 "-" "Mozilla/5.0 (Windows NT 6.1; WOW64) AppleWebKit/537.36 (KHTML, like Gecko) Chrome/51.0.2704.103 Safari/537.36"
117.215.249.246 - - [31/Oct/2022:09:15:09 +0000] "GET / HTTP/1.1" 502 166 "-" "Mozilla/5.0 (Macintosh; Intel Mac OS X 10_11_6) AppleWebKit/601.7.7 (KHTML, like Gecko) Version/9.1.2 Safari/601.7.7"
135.125.217.54 - - [31/Oct/2022:09:51:46 +0000] "POST / HTTP/1.1" 502 568 "-" "Mozilla/5.0 (X11; Linux x86_64) AppleWebKit/537.36 (KHTML, like Gecko) Chrome/81.0.4044.129 Safari/537.36"
135.125.217.54 - - [31/Oct/2022:09:51:46 +0000] "GET /.env HTTP/1.1" 502 568 "-" "Mozilla/5.0 (X11; Linux x86_64) AppleWebKit/537.36 (KHTML, like Gecko) Chrome/81.0.4044.129 Safari/537.36"
135.125.217.54 - - [31/Oct/2022:10:32:25 +0000] "POST / HTTP/1.1" 502 568 "-" "Mozilla/5.0 (X11; Linux x86_64) AppleWebKit/537.36 (KHTML, like Gecko) Chrome/81.0.4044.129 Safari/537.36"
135.125.217.54 - - [31/Oct/2022:10:32:26 +0000] "GET /.env HTTP/1.1" 502 568 "-" "Mozilla/5.0 (X11; Linux x86_64) AppleWebKit/537.36 (KHTML, like Gecko) Chrome/81.0.4044.129 Safari/537.36"
45.33.80.243 - - [31/Oct/2022:10:54:19 +0000] "\x16\x03\x01\x00\x85\x01\x00\x00\x81\x03\x03.y\xCC\xF1\xC0\x09o\xB3\xDD\x02\xA7\x96\xE6\xE7\xF98\x8C\xA3h\x17\xD9}\xEF=\xDD\xD5x\x16\xFF\xDB\x131\x00\x00 \xC0/\xC00\xC0+\xC0,\xCC\xA8\xCC\xA9\xC0\x13\xC0\x09\xC0\x14\xC0" 400 166 "-" "-"
94.73.4.122 - - [31/Oct/2022:11:00:07 +0000] "GET / HTTP/1.1" 502 568 "-" "Mozilla/5.0 (Windows NT 6.1; WOW64) AppleWebKit/537.36 (KHTML, like Gecko) Chrome/52.0.2743.116 Safari/537.36"
94.73.4.122 - - [31/Oct/2022:11:00:07 +0000] "GET / HTTP/1.1" 502 568 "-" "Mozilla/5.0 (Windows NT 10.0; WOW64) AppleWebKit/537.36 (KHTML, like Gecko) Chrome/52.0.2743.116 Safari/537.36"
94.73.4.122 - - [31/Oct/2022:11:00:07 +0000] "GET / HTTP/1.1" 502 166 "-" "Mozilla/5.0 (Macintosh; Intel Mac OS X 10_11_6) AppleWebKit/601.7.7 (KHTML, like Gecko) Version/9.1.2 Safari/601.7.7"
5.188.210.227 - - [31/Oct/2022:11:23:36 +0000] "\x05\x01\x00" 400 166 "-" "-"
5.188.210.227 - - [31/Oct/2022:11:24:23 +0000] "\x04\x01\x00P\x05\xBC\xD2\xE3\x00" 400 166 "-" "-"
5.188.210.227 - - [31/Oct/2022:11:25:34 +0000] "GET http://5.188.210.227/echo.php HTTP/1.1" 502 568 "https://www.google.com/" "Mozilla/5.0 (Windows NT 6.1) AppleWebKit/537.36 (KHTML, like Gecko) Chrome/70.0.3538.77 Safari/537.36"
135.125.217.54 - - [31/Oct/2022:12:12:38 +0000] "POST / HTTP/1.1" 502 568 "-" "Mozilla/5.0 (X11; Linux x86_64) AppleWebKit/537.36 (KHTML, like Gecko) Chrome/81.0.4044.129 Safari/537.36"
135.125.217.54 - - [31/Oct/2022:12:12:38 +0000] "GET /.env HTTP/1.1" 502 568 "-" "Mozilla/5.0 (X11; Linux x86_64) AppleWebKit/537.36 (KHTML, like Gecko) Chrome/81.0.4044.129 Safari/537.36"
135.125.217.54 - - [31/Oct/2022:12:29:53 +0000] "POST / HTTP/1.1" 502 568 "-" "Mozilla/5.0 (X11; Linux x86_64) AppleWebKit/537.36 (KHTML, like Gecko) Chrome/81.0.4044.129 Safari/537.36"
135.125.217.54 - - [31/Oct/2022:12:29:53 +0000] "GET /.env HTTP/1.1" 502 568 "-" "Mozilla/5.0 (X11; Linux x86_64) AppleWebKit/537.36 (KHTML, like Gecko) Chrome/81.0.4044.129 Safari/537.36"
36.67.228.141 - - [31/Oct/2022:13:23:23 +0000] "GET / HTTP/1.1" 502 166 "-" "Mozilla/5.0 (Macintosh; Intel Mac OS X 10_11_6) AppleWebKit/601.7.7 (KHTML, like Gecko) Version/9.1.2 Safari/601.7.7"
135.125.217.54 - - [31/Oct/2022:13:46:45 +0000] "POST / HTTP/1.1" 502 568 "-" "Mozilla/5.0 (X11; Linux x86_64) AppleWebKit/537.36 (KHTML, like Gecko) Chrome/81.0.4044.129 Safari/537.36"
135.125.217.54 - - [31/Oct/2022:13:46:45 +0000] "GET /.env HTTP/1.1" 502 568 "-" "Mozilla/5.0 (X11; Linux x86_64) AppleWebKit/537.36 (KHTML, like Gecko) Chrome/81.0.4044.129 Safari/537.36"
5.188.62.21 - - [31/Oct/2022:14:11:06 +0000] "GET / HTTP/1.1" 502 568 "-" "Mozilla/5.0 (Windows NT 6.1; WOW64) AppleWebKit/537.36 (KHTML, like Gecko) Chrome/100.0.4896.127 Safari/537.36"
95.214.235.205 - - [31/Oct/2022:14:35:03 +0000] "GET /.env HTTP/1.1" 502 568 "-" "Mozilla/5.0 (X11; Linux x86_64) AppleWebKit/537.36 (KHTML, like Gecko) Chrome/81.0.4044.129 Safari/537.36"
95.214.235.205 - - [31/Oct/2022:14:35:03 +0000] "POST / HTTP/1.1" 502 568 "-" "Mozilla/5.0 (X11; Linux x86_64) AppleWebKit/537.36 (KHTML, like Gecko) Chrome/81.0.4044.129 Safari/537.36"
135.125.217.54 - - [31/Oct/2022:14:42:35 +0000] "POST / HTTP/1.1" 502 568 "-" "Mozilla/5.0 (X11; Linux x86_64) AppleWebKit/537.36 (KHTML, like Gecko) Chrome/81.0.4044.129 Safari/537.36"
135.125.217.54 - - [31/Oct/2022:14:42:35 +0000] "GET /.env HTTP/1.1" 502 568 "-" "Mozilla/5.0 (X11; Linux x86_64) AppleWebKit/537.36 (KHTML, like Gecko) Chrome/81.0.4044.129 Safari/537.36"
192.12.149.175 - - [31/Oct/2022:14:48:28 +0000] "GET / HTTP/1.1" 502 166 "-" "Mozilla/5.0 (X11; Linux x86_64; rv:105.0) Gecko/20100101 Firefox/105.0"
124.70.139.194 - - [31/Oct/2022:15:03:07 +0000] "GET / HTTP/1.1" 502 568 "-" "Mozilla/5.0 (Windows NT 9.7; Win64; x64) AppleWebKit/537.36 (KHTML, like Gecko) Chrome/70.0.3187.88 Safari/537.36"
172.105.128.12 - - [31/Oct/2022:15:07:27 +0000] "\x16\x03\x01\x00\x85\x01\x00\x00\x81\x03\x03\xD9m\xEC\xB6\xE1`\x1F\x83\xB9M\x92\xC8\xF6\x1B\xFF^z\xCC\x18`\xE6*\xC4}\xB4,\xF4h~#\xB1\xEF\x00\x00 \xC0/\xC00\xC0+\xC0,\xCC\xA8\xCC\xA9\xC0\x13\xC0\x09\xC0\x14\xC0" 400 166 "-" "-"
20.172.163.160 - - [31/Oct/2022:15:38:05 +0000] "GET /.gitlab-ci.yml HTTP/1.1" 502 568 "-" "Mozlila/5.0 (Linux; Android 7.0; SM-G892A Bulid/NRD90M; wv) AppleWebKit/537.36 (KHTML, like Gecko) Version/4.0 Chrome/60.0.3112.107 Moblie Safari/537.36"
20.172.163.160 - - [31/Oct/2022:15:38:05 +0000] "GET /wp-config.php-backup HTTP/1.1" 502 568 "-" "Mozlila/5.0 (Linux; Android 7.0; SM-G892A Bulid/NRD90M; wv) AppleWebKit/537.36 (KHTML, like Gecko) Version/4.0 Chrome/60.0.3112.107 Moblie Safari/537.36"
20.172.163.160 - - [31/Oct/2022:15:38:05 +0000] "GET /.svn/ HTTP/1.1" 502 568 "-" "Mozlila/5.0 (Linux; Android 7.0; SM-G892A Bulid/NRD90M; wv) AppleWebKit/537.36 (KHTML, like Gecko) Version/4.0 Chrome/60.0.3112.107 Moblie Safari/537.36"
20.172.163.160 - - [31/Oct/2022:15:38:05 +0000] "GET /config/index.js HTTP/1.1" 502 568 "-" "Mozlila/5.0 (Linux; Android 7.0; SM-G892A Bulid/NRD90M; wv) AppleWebKit/537.36 (KHTML, like Gecko) Version/4.0 Chrome/60.0.3112.107 Moblie Safari/537.36"
20.172.163.160 - - [31/Oct/2022:15:38:05 +0000] "GET /backup.sql HTTP/1.1" 502 568 "-" "Mozlila/5.0 (Linux; Android 7.0; SM-G892A Bulid/NRD90M; wv) AppleWebKit/537.36 (KHTML, like Gecko) Version/4.0 Chrome/60.0.3112.107 Moblie Safari/537.36"
128.14.134.134 - - [31/Oct/2022:15:53:18 +0000] "GET / HTTP/1.1" 502 568 "-" "Mozilla/5.0 (Windows NT 10.0; Win64; x64) AppleWebKit/537.36 (KHTML, like Gecko) Chrome/60.0.3112.113 Safari/537.36"
135.125.217.54 - - [31/Oct/2022:16:23:17 +0000] "POST / HTTP/1.1" 502 568 "-" "Mozilla/5.0 (X11; Linux x86_64) AppleWebKit/537.36 (KHTML, like Gecko) Chrome/81.0.4044.129 Safari/537.36"
135.125.217.54 - - [31/Oct/2022:16:23:17 +0000] "GET /.env HTTP/1.1" 502 568 "-" "Mozilla/5.0 (X11; Linux x86_64) AppleWebKit/537.36 (KHTML, like Gecko) Chrome/81.0.4044.129 Safari/537.36"
172.104.11.34 - - [31/Oct/2022:17:01:23 +0000] "\x16\x03\x01\x00\x85\x01\x00\x00\x81\x03\x03\xD1L\x99\xE2G\x9F\x12Hhr\x02S\x01\x8C;\x8A\x97Q\x96\xB4W\x06b\x8A\x99\xCD#\xD4\xB4\x5C\xAF\xC0\x00\x00 \xC0/\xC00\xC0+\xC0,\xCC\xA8\xCC\xA9\xC0\x13\xC0\x09\xC0\x14\xC0" 400 166 "-" "-"
168.194.130.69 - - [31/Oct/2022:17:02:17 +0000] "GET / HTTP/1.1" 502 166 "-" "Mozilla/5.0 (Macintosh; Intel Mac OS X 10_11_6) AppleWebKit/601.7.7 (KHTML, like Gecko) Version/9.1.2 Safari/601.7.7"
89.248.165.169 - - [31/Oct/2022:17:23:56 +0000] "GET / HTTP/1.1" 502 568 "-" "Mozilla/5.0 (Macintosh; Intel Mac OS X 10_12_2) AppleWebKit/537.36 (KHTML, like Gecko) Chrome/55.0.2883.95 Safari/537.36"
124.221.186.82 - - [31/Oct/2022:17:38:53 +0000] "GET / HTTP/1.1" 502 568 "-" "Mozilla/5.0 (Linux; Android 6.0; Nexus 5 Build/MRA58N) AppleWebKit/537.36 (KHTML, like Gecko) Chrome/81.0.4044.138 Mobile Safari/537.36"
135.125.217.54 - - [31/Oct/2022:17:46:01 +0000] "POST / HTTP/1.1" 502 568 "-" "Mozilla/5.0 (X11; Linux x86_64) AppleWebKit/537.36 (KHTML, like Gecko) Chrome/81.0.4044.129 Safari/537.36"
135.125.217.54 - - [31/Oct/2022:17:46:01 +0000] "GET /.env HTTP/1.1" 502 568 "-" "Mozilla/5.0 (X11; Linux x86_64) AppleWebKit/537.36 (KHTML, like Gecko) Chrome/81.0.4044.129 Safari/537.36"
34.78.6.216 - - [31/Oct/2022:17:46:08 +0000] "GET / HTTP/1.1" 502 166 "-" "python-requests/2.28.1"
52.12.0.143 - - [31/Oct/2022:18:18:16 +0000] "GET /.git/config HTTP/1.1" 502 166 "-" "python-requests/2.25.1"
205.210.31.128 - - [31/Oct/2022:18:19:23 +0000] "GET / HTTP/1.0" 502 166 "-" "Expanse, a Palo Alto Networks company, searches across the global IPv4 space multiple times per day to identify customers&#39; presences on the Internet. If you would like to be excluded from our scans, please send IP addresses/domains to: scaninfo@paloaltonetworks.com"
192.12.149.175 - - [31/Oct/2022:18:25:00 +0000] "GET / HTTP/1.1" 502 166 "-" "Mozilla/5.0 (X11; Linux x86_64; rv:105.0) Gecko/20100101 Firefox/105.0"
192.12.149.175 - - [31/Oct/2022:18:25:05 +0000] "GET / HTTP/1.1" 502 166 "-" "Mozilla/5.0 (X11; Linux x86_64; rv:105.0) Gecko/20100101 Firefox/105.0"
154.209.125.119 - - [31/Oct/2022:18:40:09 +0000] "GET / HTTP/1.1" 502 166 "-" "Mozilla/5.0 (Macintosh; Intel Mac OS X 10.11; rv:47.0) Gecko/20100101 Firefox/47.0"
192.12.149.175 - - [31/Oct/2022:18:43:32 +0000] "GET / HTTP/1.1" 502 166 "-" "Mozilla/5.0 (X11; Linux x86_64; rv:105.0) Gecko/20100101 Firefox/105.0"
192.12.149.175 - - [31/Oct/2022:18:43:33 +0000] "GET / HTTP/1.1" 502 166 "-" "Mozilla/5.0 (X11; Linux x86_64; rv:105.0) Gecko/20100101 Firefox/105.0"
192.12.149.175 - - [31/Oct/2022:18:43:45 +0000] "GET /favicon.ico HTTP/1.1" 502 166 "http://www.joeshmoetowtruckservices.com/" "Mozilla/5.0 (X11; Linux x86_64; rv:105.0) Gecko/20100101 Firefox/105.0"
192.12.149.175 - - [31/Oct/2022:18:45:32 +0000] "GET / HTTP/1.1" 502 166 "-" "Mozilla/5.0 (X11; Linux x86_64; rv:105.0) Gecko/20100101 Firefox/105.0"
192.12.149.175 - - [31/Oct/2022:18:45:33 +0000] "GET / HTTP/1.1" 502 166 "-" "Mozilla/5.0 (X11; Linux x86_64; rv:105.0) Gecko/20100101 Firefox/105.0"
192.12.149.175 - - [31/Oct/2022:18:49:41 +0000] "GET / HTTP/1.1" 502 166 "-" "Mozilla/5.0 (X11; Linux x86_64; rv:105.0) Gecko/20100101 Firefox/105.0"
192.12.149.175 - - [31/Oct/2022:18:50:33 +0000] "GET / HTTP/1.1" 200 3669 "-" "Mozilla/5.0 (X11; Linux x86_64; rv:105.0) Gecko/20100101 Firefox/105.0"
192.12.149.175 - - [31/Oct/2022:18:50:33 +0000] "GET /static/admin/css/fonts.css HTTP/1.1" 404 134 "http://www.joeshmoetowtruckservices.com/" "Mozilla/5.0 (X11; Linux x86_64; rv:105.0) Gecko/20100101 Firefox/105.0"
192.12.149.175 - - [31/Oct/2022:18:50:45 +0000] "GET / HTTP/1.1" 200 3669 "-" "Mozilla/5.0 (X11; Linux x86_64; rv:105.0) Gecko/20100101 Firefox/105.0"
192.12.149.175 - - [31/Oct/2022:18:50:45 +0000] "GET /static/admin/css/fonts.css HTTP/1.1" 404 134 "http://www.joeshmoetowtruckservices.com/" "Mozilla/5.0 (X11; Linux x86_64; rv:105.0) Gecko/20100101 Firefox/105.0"
192.12.149.141 - - [31/Oct/2022:18:51:10 +0000] "GET / HTTP/1.1" 200 3669 "-" "Mozilla/5.0 (Windows NT 10.0; Win64; x64) AppleWebKit/537.36 (KHTML, like Gecko) Chrome/107.0.0.0 Safari/537.36 Edg/107.0.1418.26"
192.12.149.141 - - [31/Oct/2022:18:51:10 +0000] "GET /static/admin/css/fonts.css HTTP/1.1" 404 197 "http://joeshmoetowtruckservices.com/" "Mozilla/5.0 (Windows NT 10.0; Win64; x64) AppleWebKit/537.36 (KHTML, like Gecko) Chrome/107.0.0.0 Safari/537.36 Edg/107.0.1418.26"
192.12.149.141 - - [31/Oct/2022:18:51:11 +0000] "GET /favicon.ico HTTP/1.1" 404 1027 "http://joeshmoetowtruckservices.com/" "Mozilla/5.0 (Windows NT 10.0; Win64; x64) AppleWebKit/537.36 (KHTML, like Gecko) Chrome/107.0.0.0 Safari/537.36 Edg/107.0.1418.26"
192.12.149.175 - - [31/Oct/2022:18:52:06 +0000] "GET / HTTP/1.1" 200 3669 "-" "Mozilla/5.0 (X11; Linux x86_64; rv:105.0) Gecko/20100101 Firefox/105.0"
192.12.149.175 - - [31/Oct/2022:18:52:07 +0000] "GET /static/admin/css/fonts.css HTTP/1.1" 404 134 "http://www.joeshmoetowtruckservices.com/" "Mozilla/5.0 (X11; Linux x86_64; rv:105.0) Gecko/20100101 Firefox/105.0"
135.125.217.54 - - [31/Oct/2022:18:57:42 +0000] "POST / HTTP/1.1" 200 3669 "-" "Mozilla/5.0 (X11; Linux x86_64) AppleWebKit/537.36 (KHTML, like Gecko) Chrome/81.0.4044.129 Safari/537.36"
135.125.217.54 - - [31/Oct/2022:18:57:42 +0000] "GET /.env HTTP/1.1" 404 1014 "-" "Mozilla/5.0 (X11; Linux x86_64) AppleWebKit/537.36 (KHTML, like Gecko) Chrome/81.0.4044.129 Safari/537.36"
192.12.149.175 - - [31/Oct/2022:19:00:57 +0000] "GET / HTTP/1.1" 200 3669 "-" "Mozilla/5.0 (X11; Linux x86_64; rv:105.0) Gecko/20100101 Firefox/105.0"
192.12.149.175 - - [31/Oct/2022:19:00:57 +0000] "GET /static/admin/css/fonts.css HTTP/1.1" 404 134 "http://www.joeshmoetowtruckservices.com/" "Mozilla/5.0 (X11; Linux x86_64; rv:105.0) Gecko/20100101 Firefox/105.0"
51.77.247.119 - - [31/Oct/2022:19:05:57 +0000] "GET /.env HTTP/1.1" 404 1014 "-" "Mozilla/5.0 (X11; Linux x86_64) AppleWebKit/537.36 (KHTML, like Gecko) Chrome/81.0.4044.129 Safari/537.36"
51.77.247.119 - - [31/Oct/2022:19:05:57 +0000] "GET /vendor/phpunit/phpunit/src/Util/PHP/eval-stdin.php HTTP/1.1" 404 1047 "-" "Mozilla/5.0 (Macintosh; Intel Mac OS X 10_10_1) AppleWebKit/537.36 (KHTML, like Gecko) Chrome/39.0.2171.95 Safari/537.36"
192.12.149.175 - - [31/Oct/2022:19:23:01 +0000] "GET / HTTP/1.1" 502 166 "-" "Mozilla/5.0 (X11; Linux x86_64; rv:105.0) Gecko/20100101 Firefox/105.0"
192.12.149.175 - - [31/Oct/2022:19:23:02 +0000] "GET /favicon.ico HTTP/1.1" 502 166 "http://www.joeshmoetowtruckservices.com/" "Mozilla/5.0 (X11; Linux x86_64; rv:105.0) Gecko/20100101 Firefox/105.0"
37.187.24.159 - - [31/Oct/2022:19:23:30 +0000] "GET /wp-login.php HTTP/1.1" 502 166 "-" "Mozilla/5.0 (Windows NT 10.0; Win64; x64; rv:96.0) Gecko/20100101 Firefox/96"
192.12.149.175 - - [31/Oct/2022:19:29:42 +0000] "GET / HTTP/1.1" 502 166 "-" "Mozilla/5.0 (X11; Linux x86_64; rv:105.0) Gecko/20100101 Firefox/105.0"
192.12.149.175 - - [31/Oct/2022:19:29:42 +0000] "GET /favicon.ico HTTP/1.1" 502 166 "http://www.joeshmoetowtruckservices.com/" "Mozilla/5.0 (X11; Linux x86_64; rv:105.0) Gecko/20100101 Firefox/105.0"
23.251.102.74 - - [31/Oct/2022:19:45:56 +0000] "GET / HTTP/1.1" 502 568 "-" "Mozilla/5.0 (Windows NT 10.0; Win64; x64) AppleWebKit/537.36 (KHTML, like Gecko) Chrome/60.0.3112.113 Safari/537.36"
135.125.217.54 - - [31/Oct/2022:19:48:01 +0000] "POST / HTTP/1.1" 502 568 "-" "Mozilla/5.0 (X11; Linux x86_64) AppleWebKit/537.36 (KHTML, like Gecko) Chrome/81.0.4044.129 Safari/537.36"
135.125.217.54 - - [31/Oct/2022:19:48:01 +0000] "GET /.env HTTP/1.1" 502 568 "-" "Mozilla/5.0 (X11; Linux x86_64) AppleWebKit/537.36 (KHTML, like Gecko) Chrome/81.0.4044.129 Safari/537.36"
192.12.149.141 - - [31/Oct/2022:19:50:37 +0000] "GET / HTTP/1.1" 502 568 "-" "Mozilla/5.0 (Windows NT 10.0; Win64; x64) AppleWebKit/537.36 (KHTML, like Gecko) Chrome/107.0.0.0 Safari/537.36 Edg/107.0.1418.26"
192.12.149.175 - - [31/Oct/2022:19:57:13 +0000] "GET / HTTP/1.1" 502 166 "-" "Mozilla/5.0 (X11; Linux x86_64; rv:105.0) Gecko/20100101 Firefox/105.0"
192.12.149.175 - - [31/Oct/2022:19:57:14 +0000] "GET /favicon.ico HTTP/1.1" 502 166 "http://www.joeshmoetowtruckservices.com/" "Mozilla/5.0 (X11; Linux x86_64; rv:105.0) Gecko/20100101 Firefox/105.0"
192.12.149.175 - - [31/Oct/2022:20:03:37 +0000] "GET / HTTP/1.1" 200 17 "-" "Mozilla/5.0 (X11; Linux x86_64; rv:105.0) Gecko/20100101 Firefox/105.0"
192.12.149.141 - - [31/Oct/2022:20:03:45 +0000] "GET / HTTP/1.1" 200 17 "-" "Mozilla/5.0 (Windows NT 10.0; Win64; x64) AppleWebKit/537.36 (KHTML, like Gecko) Chrome/107.0.0.0 Safari/537.36 Edg/107.0.1418.26"
192.12.149.141 - - [31/Oct/2022:20:04:36 +0000] "GET / HTTP/1.1" 200 17 "-" "Mozilla/5.0 (Windows NT 10.0; Win64; x64) AppleWebKit/537.36 (KHTML, like Gecko) Chrome/107.0.0.0 Safari/537.36 Edg/107.0.1418.26"
192.12.149.175 - - [31/Oct/2022:20:04:58 +0000] "GET /home HTTP/1.1" 404 1061 "-" "Mozilla/5.0 (X11; Linux x86_64; rv:105.0) Gecko/20100101 Firefox/105.0"
192.12.149.175 - - [31/Oct/2022:20:05:30 +0000] "GET / HTTP/1.1" 200 17 "-" "Mozilla/5.0 (X11; Linux x86_64; rv:105.0) Gecko/20100101 Firefox/105.0"
192.12.149.175 - - [31/Oct/2022:20:06:03 +0000] "GET / HTTP/1.1" 200 17 "-" "Mozilla/5.0 (X11; Linux x86_64; rv:105.0) Gecko/20100101 Firefox/105.0"
151.241.178.34 - - [31/Oct/2022:20:08:18 +0000] "GET / HTTP/1.1" 200 17 "-" "Mozilla/5.0 (Windows NT 6.1; WOW64) AppleWebKit/537.36 (KHTML, like Gecko) Chrome/51.0.2704.103 Safari/537.36"
192.241.220.181 - - [31/Oct/2022:20:11:31 +0000] "GET /hudson HTTP/1.1" 404 1049 "-" "Mozilla/5.0 zgrab/0.x"
192.12.149.141 - - [31/Oct/2022:20:19:47 +0000] "GET / HTTP/1.1" 200 17 "-" "Mozilla/5.0 (Windows NT 10.0; Win64; x64) AppleWebKit/537.36 (KHTML, like Gecko) Chrome/107.0.0.0 Safari/537.36 Edg/107.0.1418.26"
35.227.62.178 - - [31/Oct/2022:20:19:59 +0000] "GET / HTTP/1.1" 200 17 "-" "Mozilla/5.0 (compatible; Discordbot/2.0; +https://discordapp.com)"
35.227.62.178 - - [31/Oct/2022:20:20:17 +0000] "GET / HTTP/1.1" 200 17 "-" "Mozilla/5.0 (compatible; Discordbot/2.0; +https://discordapp.com)"
35.196.132.85 - - [31/Oct/2022:20:20:22 +0000] "GET / HTTP/1.1" 200 17 "-" "Mozilla/5.0 (compatible; Discordbot/2.0; +https://discordapp.com)"
35.227.62.178 - - [31/Oct/2022:20:20:28 +0000] "GET / HTTP/1.1" 200 17 "-" "Mozilla/5.0 (compatible; Discordbot/2.0; +https://discordapp.com)"
35.227.62.178 - - [31/Oct/2022:20:20:39 +0000] "GET / HTTP/1.1" 200 17 "-" "Mozilla/5.0 (compatible; Discordbot/2.0; +https://discordapp.com)"
192.12.149.141 - - [31/Oct/2022:20:27:18 +0000] "GET / HTTP/1.1" 200 17 "-" "Mozilla/5.0 (iPhone; CPU iPhone OS 16_0_3 like Mac OS X) AppleWebKit/605.1.15 (KHTML, like Gecko) Version/16.0 Mobile/15E148 Safari/604.1"
166.198.21.144 - - [31/Oct/2022:20:36:18 +0000] "GET / HTTP/1.1" 200 17 "-" "Mozilla/5.0 (Linux; Android 12; SM-G998U) AppleWebKit/537.36 (KHTML, like Gecko) Chrome/107.0.0.0 Mobile Safari/537.36"
166.198.21.144 - - [31/Oct/2022:20:36:18 +0000] "GET /favicon.ico HTTP/1.1" 404 2283 "http://joeshmoetowtruckservices.com/" "Mozilla/5.0 (Linux; Android 12; SM-G998U) AppleWebKit/537.36 (KHTML, like Gecko) Chrome/107.0.0.0 Mobile Safari/537.36"
166.198.21.144 - - [31/Oct/2022:20:36:26 +0000] "GET / HTTP/1.1" 200 17 "-" "Mozilla/5.0 (Linux; Android 12; SM-G998U) AppleWebKit/537.36 (KHTML, like Gecko) Chrome/107.0.0.0 Mobile Safari/537.36"
166.198.21.144 - - [31/Oct/2022:20:36:27 +0000] "GET / HTTP/1.1" 200 17 "-" "Mozilla/5.0 (Linux; Android 12; SM-G998U) AppleWebKit/537.36 (KHTML, like Gecko) Chrome/107.0.0.0 Mobile Safari/537.36"
192.12.149.175 - - [31/Oct/2022:20:47:44 +0000] "GET / HTTP/1.1" 502 166 "-" "Mozilla/5.0 (X11; Linux x86_64; rv:105.0) Gecko/20100101 Firefox/105.0"
192.12.149.175 - - [31/Oct/2022:20:47:45 +0000] "GET /favicon.ico HTTP/1.1" 502 166 "http://www.joeshmoetowtruckservices.com/" "Mozilla/5.0 (X11; Linux x86_64; rv:105.0) Gecko/20100101 Firefox/105.0"
192.12.149.175 - - [31/Oct/2022:20:48:57 +0000] "GET / HTTP/1.1" 502 166 "-" "Mozilla/5.0 (X11; Linux x86_64; rv:105.0) Gecko/20100101 Firefox/105.0"
192.12.149.175 - - [31/Oct/2022:20:48:57 +0000] "GET /favicon.ico HTTP/1.1" 502 166 "http://www.joeshmoetowtruckservices.com/" "Mozilla/5.0 (X11; Linux x86_64; rv:105.0) Gecko/20100101 Firefox/105.0"
200.36.150.8 - - [31/Oct/2022:20:51:07 +0000] "GET / HTTP/1.1" 502 568 "-" "Mozilla/5.0 (Windows NT 10.0; WOW64) AppleWebKit/537.36 (KHTML, like Gecko) Chrome/51.0.2704.103 Safari/537.36"
172.104.11.46 - - [31/Oct/2022:20:51:43 +0000] "\x16\x03\x01\x00\x85\x01\x00\x00\x81\x03\x03\xDE\xD4\xA8\xFF\x08\xBAM\xDE\xFF\x93\x9B/\xAC\x97\xE8\x8E\xD0\xB1\xE1\xD9\xA47\xB8\xA0=E\xB5X\xD0\x191f\x00\x00 \xC0/\xC00\xC0+\xC0,\xCC\xA8\xCC\xA9\xC0\x13\xC0\x09\xC0\x14\xC0" 400 166 "-" "-"
192.12.149.175 - - [31/Oct/2022:20:55:32 +0000] "GET / HTTP/1.1" 500 68760 "-" "Mozilla/5.0 (X11; Linux x86_64; rv:105.0) Gecko/20100101 Firefox/105.0"
192.12.149.175 - - [31/Oct/2022:20:55:33 +0000] "GET /favicon.ico HTTP/1.1" 404 1064 "http://www.joeshmoetowtruckservices.com/" "Mozilla/5.0 (X11; Linux x86_64; rv:105.0) Gecko/20100101 Firefox/105.0"
192.12.149.175 - - [31/Oct/2022:20:57:26 +0000] "GET / HTTP/1.1" 500 68657 "-" "Mozilla/5.0 (X11; Linux x86_64; rv:105.0) Gecko/20100101 Firefox/105.0"
192.12.149.175 - - [31/Oct/2022:20:57:26 +0000] "GET /favicon.ico HTTP/1.1" 404 1064 "http://www.joeshmoetowtruckservices.com/" "Mozilla/5.0 (X11; Linux x86_64; rv:105.0) Gecko/20100101 Firefox/105.0"
192.12.149.175 - - [31/Oct/2022:20:58:59 +0000] "GET / HTTP/1.1" 500 68413 "-" "Mozilla/5.0 (X11; Linux x86_64; rv:105.0) Gecko/20100101 Firefox/105.0"
192.12.149.175 - - [31/Oct/2022:20:58:59 +0000] "GET /favicon.ico HTTP/1.1" 404 1064 "http://www.joeshmoetowtruckservices.com/" "Mozilla/5.0 (X11; Linux x86_64; rv:105.0) Gecko/20100101 Firefox/105.0"
192.12.149.175 - - [31/Oct/2022:21:00:54 +0000] "GET / HTTP/1.1" 500 68743 "-" "Mozilla/5.0 (X11; Linux x86_64; rv:105.0) Gecko/20100101 Firefox/105.0"
192.12.149.175 - - [31/Oct/2022:21:00:54 +0000] "GET /favicon.ico HTTP/1.1" 404 1064 "http://www.joeshmoetowtruckservices.com/" "Mozilla/5.0 (X11; Linux x86_64; rv:105.0) Gecko/20100101 Firefox/105.0"
192.12.149.175 - - [31/Oct/2022:21:05:11 +0000] "GET / HTTP/1.1" 500 68409 "-" "Mozilla/5.0 (X11; Linux x86_64; rv:105.0) Gecko/20100101 Firefox/105.0"
192.12.149.175 - - [31/Oct/2022:21:05:14 +0000] "GET / HTTP/1.1" 500 68409 "-" "Mozilla/5.0 (X11; Linux x86_64; rv:105.0) Gecko/20100101 Firefox/105.0"
192.12.149.175 - - [31/Oct/2022:21:05:39 +0000] "GET / HTTP/1.1" 500 68509 "-" "Mozilla/5.0 (X11; Linux x86_64; rv:105.0) Gecko/20100101 Firefox/105.0"
194.55.186.198 - - [31/Oct/2022:21:41:17 +0000] "POST /boaform/admin/formLogin HTTP/1.1" 404 1067 "http://18.190.20.100:80/admin/login.asp" "Mozilla/5.0 (X11; Ubuntu; Linux x86_64; rv:71.0) Gecko/20100101 Firefox/71.0"
194.55.186.198 - - [31/Oct/2022:21:41:18 +0000] "" 400 0 "-" "-"
135.125.217.54 - - [31/Oct/2022:21:50:30 +0000] "POST / HTTP/1.1" 403 1477 "-" "Mozilla/5.0 (X11; Linux x86_64) AppleWebKit/537.36 (KHTML, like Gecko) Chrome/81.0.4044.129 Safari/537.36"
135.125.217.54 - - [31/Oct/2022:21:50:30 +0000] "GET /.env HTTP/1.1" 404 1047 "-" "Mozilla/5.0 (X11; Linux x86_64) AppleWebKit/537.36 (KHTML, like Gecko) Chrome/81.0.4044.129 Safari/537.36"
